{
  "Transform": "AWS::Serverless-2016-10-31",
  "Resources": {
    "VPCB9E5F0B4": {
      "Type": "AWS::EC2::VPC",
      "Properties": {
        "CidrBlock": "10.0.0.0/16",
        "EnableDnsHostnames": true,
        "EnableDnsSupport": true,
        "InstanceTenancy": "default",
        "Tags": [
          {
            "Key": "Name",
            "Value": "aws-cdk-rds-instance/VPC"
          }
        ]
      }
    },
    "VPCPublicSubnet1SubnetB4246D30": {
      "Type": "AWS::EC2::Subnet",
      "Properties": {
        "CidrBlock": "10.0.0.0/18",
        "VpcId": {
          "Ref": "VPCB9E5F0B4"
        },
        "AvailabilityZone": "test-region-1a",
        "MapPublicIpOnLaunch": true,
        "Tags": [
          {
            "Key": "Name",
            "Value": "aws-cdk-rds-instance/VPC/PublicSubnet1"
          },
          {
            "Key": "aws-cdk:subnet-name",
            "Value": "Public"
          },
          {
            "Key": "aws-cdk:subnet-type",
            "Value": "Public"
          }
        ]
      }
    },
    "VPCPublicSubnet1RouteTableFEE4B781": {
      "Type": "AWS::EC2::RouteTable",
      "Properties": {
        "VpcId": {
          "Ref": "VPCB9E5F0B4"
        },
        "Tags": [
          {
            "Key": "Name",
            "Value": "aws-cdk-rds-instance/VPC/PublicSubnet1"
          }
        ]
      }
    },
    "VPCPublicSubnet1RouteTableAssociation0B0896DC": {
      "Type": "AWS::EC2::SubnetRouteTableAssociation",
      "Properties": {
        "RouteTableId": {
          "Ref": "VPCPublicSubnet1RouteTableFEE4B781"
        },
        "SubnetId": {
          "Ref": "VPCPublicSubnet1SubnetB4246D30"
        }
      }
    },
    "VPCPublicSubnet1DefaultRoute91CEF279": {
      "Type": "AWS::EC2::Route",
      "Properties": {
        "RouteTableId": {
          "Ref": "VPCPublicSubnet1RouteTableFEE4B781"
        },
        "DestinationCidrBlock": "0.0.0.0/0",
        "GatewayId": {
          "Ref": "VPCIGWB7E252D3"
        }
      },
      "DependsOn": [
        "VPCVPCGW99B986DC"
      ]
    },
    "VPCPublicSubnet1EIP6AD938E8": {
      "Type": "AWS::EC2::EIP",
      "Properties": {
        "Domain": "vpc"
      }
    },
    "VPCPublicSubnet1NATGatewayE0556630": {
      "Type": "AWS::EC2::NatGateway",
      "Properties": {
        "AllocationId": {
          "Fn::GetAtt": [
            "VPCPublicSubnet1EIP6AD938E8",
            "AllocationId"
          ]
        },
        "SubnetId": {
          "Ref": "VPCPublicSubnet1SubnetB4246D30"
        },
        "Tags": [
          {
            "Key": "Name",
            "Value": "aws-cdk-rds-instance/VPC/PublicSubnet1"
          }
        ]
      }
    },
    "VPCPublicSubnet2Subnet74179F39": {
      "Type": "AWS::EC2::Subnet",
      "Properties": {
        "CidrBlock": "10.0.64.0/18",
        "VpcId": {
          "Ref": "VPCB9E5F0B4"
        },
        "AvailabilityZone": "test-region-1b",
        "MapPublicIpOnLaunch": true,
        "Tags": [
          {
            "Key": "Name",
            "Value": "aws-cdk-rds-instance/VPC/PublicSubnet2"
          },
          {
            "Key": "aws-cdk:subnet-name",
            "Value": "Public"
          },
          {
            "Key": "aws-cdk:subnet-type",
            "Value": "Public"
          }
        ]
      }
    },
    "VPCPublicSubnet2RouteTable6F1A15F1": {
      "Type": "AWS::EC2::RouteTable",
      "Properties": {
        "VpcId": {
          "Ref": "VPCB9E5F0B4"
        },
        "Tags": [
          {
            "Key": "Name",
            "Value": "aws-cdk-rds-instance/VPC/PublicSubnet2"
          }
        ]
      }
    },
    "VPCPublicSubnet2RouteTableAssociation5A808732": {
      "Type": "AWS::EC2::SubnetRouteTableAssociation",
      "Properties": {
        "RouteTableId": {
          "Ref": "VPCPublicSubnet2RouteTable6F1A15F1"
        },
        "SubnetId": {
          "Ref": "VPCPublicSubnet2Subnet74179F39"
        }
      }
    },
    "VPCPublicSubnet2DefaultRouteB7481BBA": {
      "Type": "AWS::EC2::Route",
      "Properties": {
        "RouteTableId": {
          "Ref": "VPCPublicSubnet2RouteTable6F1A15F1"
        },
        "DestinationCidrBlock": "0.0.0.0/0",
        "GatewayId": {
          "Ref": "VPCIGWB7E252D3"
        }
      },
      "DependsOn": [
        "VPCVPCGW99B986DC"
      ]
    },
    "VPCPublicSubnet2EIP4947BC00": {
      "Type": "AWS::EC2::EIP",
      "Properties": {
        "Domain": "vpc"
      }
    },
    "VPCPublicSubnet2NATGateway3C070193": {
      "Type": "AWS::EC2::NatGateway",
      "Properties": {
        "AllocationId": {
          "Fn::GetAtt": [
            "VPCPublicSubnet2EIP4947BC00",
            "AllocationId"
          ]
        },
        "SubnetId": {
          "Ref": "VPCPublicSubnet2Subnet74179F39"
        },
        "Tags": [
          {
            "Key": "Name",
            "Value": "aws-cdk-rds-instance/VPC/PublicSubnet2"
          }
        ]
      }
    },
    "VPCPrivateSubnet1Subnet8BCA10E0": {
      "Type": "AWS::EC2::Subnet",
      "Properties": {
        "CidrBlock": "10.0.128.0/18",
        "VpcId": {
          "Ref": "VPCB9E5F0B4"
        },
        "AvailabilityZone": "test-region-1a",
        "MapPublicIpOnLaunch": false,
        "Tags": [
          {
            "Key": "Name",
            "Value": "aws-cdk-rds-instance/VPC/PrivateSubnet1"
          },
          {
            "Key": "aws-cdk:subnet-name",
            "Value": "Private"
          },
          {
            "Key": "aws-cdk:subnet-type",
            "Value": "Private"
          }
        ]
      }
    },
    "VPCPrivateSubnet1RouteTableBE8A6027": {
      "Type": "AWS::EC2::RouteTable",
      "Properties": {
        "VpcId": {
          "Ref": "VPCB9E5F0B4"
        },
        "Tags": [
          {
            "Key": "Name",
            "Value": "aws-cdk-rds-instance/VPC/PrivateSubnet1"
          }
        ]
      }
    },
    "VPCPrivateSubnet1RouteTableAssociation347902D1": {
      "Type": "AWS::EC2::SubnetRouteTableAssociation",
      "Properties": {
        "RouteTableId": {
          "Ref": "VPCPrivateSubnet1RouteTableBE8A6027"
        },
        "SubnetId": {
          "Ref": "VPCPrivateSubnet1Subnet8BCA10E0"
        }
      }
    },
    "VPCPrivateSubnet1DefaultRouteAE1D6490": {
      "Type": "AWS::EC2::Route",
      "Properties": {
        "RouteTableId": {
          "Ref": "VPCPrivateSubnet1RouteTableBE8A6027"
        },
        "DestinationCidrBlock": "0.0.0.0/0",
        "NatGatewayId": {
          "Ref": "VPCPublicSubnet1NATGatewayE0556630"
        }
      }
    },
    "VPCPrivateSubnet2SubnetCFCDAA7A": {
      "Type": "AWS::EC2::Subnet",
      "Properties": {
        "CidrBlock": "10.0.192.0/18",
        "VpcId": {
          "Ref": "VPCB9E5F0B4"
        },
        "AvailabilityZone": "test-region-1b",
        "MapPublicIpOnLaunch": false,
        "Tags": [
          {
            "Key": "Name",
            "Value": "aws-cdk-rds-instance/VPC/PrivateSubnet2"
          },
          {
            "Key": "aws-cdk:subnet-name",
            "Value": "Private"
          },
          {
            "Key": "aws-cdk:subnet-type",
            "Value": "Private"
          }
        ]
      }
    },
    "VPCPrivateSubnet2RouteTable0A19E10E": {
      "Type": "AWS::EC2::RouteTable",
      "Properties": {
        "VpcId": {
          "Ref": "VPCB9E5F0B4"
        },
        "Tags": [
          {
            "Key": "Name",
            "Value": "aws-cdk-rds-instance/VPC/PrivateSubnet2"
          }
        ]
      }
    },
    "VPCPrivateSubnet2RouteTableAssociation0C73D413": {
      "Type": "AWS::EC2::SubnetRouteTableAssociation",
      "Properties": {
        "RouteTableId": {
          "Ref": "VPCPrivateSubnet2RouteTable0A19E10E"
        },
        "SubnetId": {
          "Ref": "VPCPrivateSubnet2SubnetCFCDAA7A"
        }
      }
    },
    "VPCPrivateSubnet2DefaultRouteF4F5CFD2": {
      "Type": "AWS::EC2::Route",
      "Properties": {
        "RouteTableId": {
          "Ref": "VPCPrivateSubnet2RouteTable0A19E10E"
        },
        "DestinationCidrBlock": "0.0.0.0/0",
        "NatGatewayId": {
          "Ref": "VPCPublicSubnet2NATGateway3C070193"
        }
      }
    },
    "VPCIGWB7E252D3": {
      "Type": "AWS::EC2::InternetGateway",
      "Properties": {
        "Tags": [
          {
            "Key": "Name",
            "Value": "aws-cdk-rds-instance/VPC"
          }
        ]
      }
    },
    "VPCVPCGW99B986DC": {
      "Type": "AWS::EC2::VPCGatewayAttachment",
      "Properties": {
        "VpcId": {
          "Ref": "VPCB9E5F0B4"
        },
        "InternetGatewayId": {
          "Ref": "VPCIGWB7E252D3"
        }
      }
    },
    "MySQLSubnetGroupA2AB7B72": {
      "Type": "AWS::RDS::DBSubnetGroup",
      "Properties": {
        "DBSubnetGroupDescription": "Subnet group for MySQL database",
        "SubnetIds": [
          {
            "Ref": "VPCPrivateSubnet1Subnet8BCA10E0"
          },
          {
            "Ref": "VPCPrivateSubnet2SubnetCFCDAA7A"
          }
        ]
      }
    },
    "MySQLSecurityGroupCAACC784": {
      "Type": "AWS::EC2::SecurityGroup",
      "Properties": {
        "GroupDescription": "Security group for MySQL database",
        "SecurityGroupEgress": [
          {
            "CidrIp": "0.0.0.0/0",
            "Description": "Allow all outbound traffic by default",
            "IpProtocol": "-1"
          }
        ],
        "SecurityGroupIngress": [],
        "VpcId": {
          "Ref": "VPCB9E5F0B4"
        }
      }
    },
    "MySQLSecurityGroupfromawscdkrdsinstanceMySQLRotationSecurityGroupE5CD8118IndirectPort87474569": {
      "Type": "AWS::EC2::SecurityGroupIngress",
      "Properties": {
        "IpProtocol": "tcp",
        "Description": "from awscdkrdsinstanceMySQLRotationSecurityGroupE5CD8118:{IndirectPort}",
        "FromPort": {
          "Fn::GetAtt": [
            "MySQL3B9CF5CC",
            "Endpoint.Port"
          ]
        },
        "GroupId": {
          "Fn::GetAtt": [
            "MySQLSecurityGroupCAACC784",
            "GroupId"
          ]
        },
        "SourceSecurityGroupId": {
          "Fn::GetAtt": [
            "MySQLRotationSecurityGroupF320310B",
            "GroupId"
          ]
        },
        "ToPort": {
          "Fn::GetAtt": [
            "MySQL3B9CF5CC",
            "Endpoint.Port"
          ]
        }
      }
    },
    "MySQLSecret76FDA2D7": {
      "Type": "AWS::SecretsManager::Secret",
      "Properties": {
        "Description": "Secret for MySQL database master credentials",
        "GenerateSecretString": {
          "ExcludeCharacters": "\"@/\\",
          "GenerateStringKey": "password",
          "SecretStringTemplate": "{\"username\":\"admin\"}"
        }
      }
    },
    "MySQL3B9CF5CC": {
      "Type": "AWS::RDS::DBInstance",
      "Properties": {
        "DBInstanceClass": "db.t2.small",
        "AllocatedStorage": "100",
        "AutoMinorVersionUpgrade": false,
        "BackupRetentionPeriod": "7",
        "CopyTagsToSnapshot": true,
        "DBSubnetGroupName": {
          "Ref": "MySQLSubnetGroupA2AB7B72"
        },
        "DeleteAutomatedBackups": false,
        "DeletionProtection": true,
        "Engine": "mysql",
        "Iops": 1000,
        "MasterUsername": "admin",
        "MasterUserPassword": {
          "Fn::Join": [
            "",
            [
              "{{resolve:secretsmanager:",
              {
                "Ref": "MySQLSecret76FDA2D7"
              },
              ":SecretString:password::}}"
            ]
          ]
        },
        "MultiAZ": true,
        "StorageEncrypted": true,
        "StorageType": "io1",
        "VPCSecurityGroups": [
          {
            "Fn::GetAtt": [
              "MySQLSecurityGroupCAACC784",
              "GroupId"
            ]
          }
        ]
      },
      "DeletionPolicy": "Retain"
    },
    "MySQLSecretAttachement50157D4D": {
      "Type": "AWS::SecretsManager::SecretTargetAttachment",
      "Properties": {
        "SecretId": {
          "Ref": "MySQLSecret76FDA2D7"
        },
        "TargetId": {
          "Ref": "MySQL3B9CF5CC"
        },
        "TargetType": "AWS::RDS::DBInstance"
      }
    },
    "MySQLRotationSecurityGroupF320310B": {
      "Type": "AWS::EC2::SecurityGroup",
      "Properties": {
        "GroupDescription": "aws-cdk-rds-instance/MySQL/Rotation/SecurityGroup",
        "SecurityGroupEgress": [
          {
            "CidrIp": "0.0.0.0/0",
            "Description": "Allow all outbound traffic by default",
            "IpProtocol": "-1"
          }
        ],
        "SecurityGroupIngress": [],
        "VpcId": {
          "Ref": "VPCB9E5F0B4"
        }
      }
    },
    "MySQLRotation44893E82": {
      "Type": "AWS::Serverless::Application",
      "Properties": {
        "Location": {
          "ApplicationId": "arn:aws:serverlessrepo:us-east-1:297356227824:applications/SecretsManagerRDSMySQLRotationSingleUser",
          "SemanticVersion": "1.0.74"
        },
        "Parameters": {
          "endpoint": {
            "Fn::Join": [
              "",
              [
                "https://secretsmanager.",
                {
                  "Ref": "AWS::Region"
                },
                ".",
                {
                  "Ref": "AWS::URLSuffix"
                }
              ]
            ]
          },
          "functionName": "awscdkrdsinstanceMySQLRotation3FA9A003",
          "vpcSecurityGroupIds": {
            "Fn::GetAtt": [
              "MySQLRotationSecurityGroupF320310B",
              "GroupId"
            ]
          },
          "vpcSubnetIds": {
            "Fn::Join": [
              "",
              [
                {
                  "Ref": "VPCPrivateSubnet1Subnet8BCA10E0"
                },
                ",",
                {
                  "Ref": "VPCPrivateSubnet2SubnetCFCDAA7A"
                }
              ]
            ]
          }
        }
      }
    },
    "MySQLRotationPermissionD5FD8F2E": {
      "Type": "AWS::Lambda::Permission",
      "Properties": {
        "Action": "lambda:InvokeFunction",
        "FunctionName": "awscdkrdsinstanceMySQLRotation3FA9A003",
        "Principal": {
          "Fn::Join": [
            "",
            [
              "secretsmanager.",
              {
                "Ref": "AWS::URLSuffix"
              }
            ]
          ]
        }
      },
      "DependsOn": [
        "MySQLRotation44893E82"
      ]
    },
    "MySQLRotationSchedule3BDDBBB3": {
      "Type": "AWS::SecretsManager::RotationSchedule",
      "Properties": {
        "SecretId": {
          "Ref": "MySQLSecret76FDA2D7"
        },
        "RotationLambdaARN": {
          "Fn::Join": [
            "",
            [
              "arn:",
              {
                "Ref": "AWS::Partition"
              },
              ":lambda:",
              {
                "Ref": "AWS::Region"
              },
              ":",
              {
                "Ref": "AWS::AccountId"
              },
              ":function:awscdkrdsinstanceMySQLRotation3FA9A003"
            ]
          ]
        },
        "RotationRules": {
          "AutomaticallyAfterDays": 30
        }
      },
      "DependsOn": [
        "MySQL3B9CF5CC",
        "MySQLRotationPermissionD5FD8F2E",
        "MySQLSecretAttachement50157D4D"
      ]
    }
  }
}
