{
  "Resources": {
    "FnServiceRoleB9001A96": {
      "Type": "AWS::IAM::Role",
      "Properties": {
        "AssumeRolePolicyDocument": {
          "Statement": [
            {
              "Action": "sts:AssumeRole",
              "Effect": "Allow",
              "Principal": {
                "Service": "lambda.amazonaws.com"
              }
            }
          ],
          "Version": "2012-10-17"
        },
        "ManagedPolicyArns": [
          {
            "Fn::Join": [
              "",
              [
                "arn:",
                {
                  "Ref": "AWS::Partition"
                },
                ":iam::aws:policy/service-role/AWSLambdaBasicExecutionRole"
              ]
            ]
          }
        ]
      }
    },
    "Fn9270CBC0": {
      "Type": "AWS::Lambda::Function",
      "Properties": {
        "Code": {
          "S3Bucket": {
            "Ref": "AssetParameters164c50814e7a872c66adb94a5f3d2b3b3706ae4b66b9739757ea29ece2914b51S3Bucket98F8E960"
          },
          "S3Key": {
            "Fn::Join": [
              "",
              [
                {
                  "Fn::Select": [
                    0,
                    {
                      "Fn::Split": [
                        "||",
                        {
                          "Ref": "AssetParameters164c50814e7a872c66adb94a5f3d2b3b3706ae4b66b9739757ea29ece2914b51S3VersionKey69DCCD9C"
                        }
                      ]
                    }
                  ]
                },
                {
                  "Fn::Select": [
                    1,
                    {
                      "Fn::Split": [
                        "||",
                        {
                          "Ref": "AssetParameters164c50814e7a872c66adb94a5f3d2b3b3706ae4b66b9739757ea29ece2914b51S3VersionKey69DCCD9C"
                        }
                      ]
                    }
                  ]
                }
              ]
            ]
          }
        },
        "Handler": "index.handler",
        "Role": {
          "Fn::GetAtt": [
            "FnServiceRoleB9001A96",
            "Arn"
          ]
        },
        "Runtime": "nodejs12.x"
      },
      "DependsOn": [
        "FnServiceRoleB9001A96"
      ]
    }
  },
  "Parameters": {
    "AssetParameters164c50814e7a872c66adb94a5f3d2b3b3706ae4b66b9739757ea29ece2914b51S3Bucket98F8E960": {
      "Type": "String",
      "Description": "S3 bucket for asset \"164c50814e7a872c66adb94a5f3d2b3b3706ae4b66b9739757ea29ece2914b51\""
    },
    "AssetParameters164c50814e7a872c66adb94a5f3d2b3b3706ae4b66b9739757ea29ece2914b51S3VersionKey69DCCD9C": {
      "Type": "String",
      "Description": "S3 key for asset version \"164c50814e7a872c66adb94a5f3d2b3b3706ae4b66b9739757ea29ece2914b51\""
    },
    "AssetParameters164c50814e7a872c66adb94a5f3d2b3b3706ae4b66b9739757ea29ece2914b51ArtifactHash0B35E80A": {
      "Type": "String",
      "Description": "Artifact hash for asset \"164c50814e7a872c66adb94a5f3d2b3b3706ae4b66b9739757ea29ece2914b51\""
    }
  }
}